Copyright 1986-2015 Xilinx, Inc. All Rights Reserved.
---------------------------------------------------------------------------------------------------------------
| Tool Version : Vivado v.2015.3 (win64) Build 1368829 Mon Sep 28 20:06:43 MDT 2015
| Date         : Wed Feb 24 02:40:36 2016
| Host         : maicuong running 64-bit major release  (build 9200)
| Command      : report_utilization -file xillydemo_utilization_placed.rpt -pb xillydemo_utilization_placed.pb
| Design       : xillydemo
| Device       : 7z010clg400-1
| Design State : Fully Placed
---------------------------------------------------------------------------------------------------------------

Utilization Design Information

Table of Contents
-----------------
1. Slice Logic
1.1 Summary of Registers by Type
2. Slice Logic Distribution
3. Memory
4. DSP
5. IO and GT Specific
6. Clocking
7. Specific Feature
8. Primitives
9. Black Boxes
10. Instantiated Netlists

1. Slice Logic
--------------

+----------------------------+------+-------+-----------+-------+
|          Site Type         | Used | Fixed | Available | Util% |
+----------------------------+------+-------+-----------+-------+
| Slice LUTs                 | 9450 |     0 |     17600 | 53.69 |
|   LUT as Logic             | 8342 |     0 |     17600 | 47.40 |
|   LUT as Memory            | 1108 |     0 |      6000 | 18.47 |
|     LUT as Distributed RAM | 1038 |     0 |           |       |
|     LUT as Shift Register  |   70 |     0 |           |       |
| Slice Registers            | 9347 |     0 |     35200 | 26.55 |
|   Register as Flip Flop    | 9347 |     0 |     35200 | 26.55 |
|   Register as Latch        |    0 |     0 |     35200 |  0.00 |
| F7 Muxes                   |  270 |     0 |      8800 |  3.07 |
| F8 Muxes                   |    1 |     0 |      4400 |  0.02 |
+----------------------------+------+-------+-----------+-------+


1.1 Summary of Registers by Type
--------------------------------

+-------+--------------+-------------+--------------+
| Total | Clock Enable | Synchronous | Asynchronous |
+-------+--------------+-------------+--------------+
| 0     |            _ |           - |            - |
| 0     |            _ |           - |          Set |
| 0     |            _ |           - |        Reset |
| 0     |            _ |         Set |            - |
| 0     |            _ |       Reset |            - |
| 0     |          Yes |           - |            - |
| 21    |          Yes |           - |          Set |
| 137   |          Yes |           - |        Reset |
| 269   |          Yes |         Set |            - |
| 8943  |          Yes |       Reset |            - |
+-------+--------------+-------------+--------------+


2. Slice Logic Distribution
---------------------------

+-------------------------------------------------------------+------------+-------+-----------+-------+
|                          Site Type                          |    Used    | Fixed | Available | Util% |
+-------------------------------------------------------------+------------+-------+-----------+-------+
| Slice                                                       |       3301 |     0 |      4400 | 75.02 |
|   SLICEL                                                    |       2148 |     0 |           |       |
|   SLICEM                                                    |       1153 |     0 |           |       |
| LUT as Logic                                                |       8342 |     0 |     17600 | 47.40 |
|   using O5 output only                                      |          1 |       |           |       |
|   using O6 output only                                      |       7379 |       |           |       |
|   using O5 and O6                                           |        962 |       |           |       |
| LUT as Memory                                               |       1108 |     0 |      6000 | 18.47 |
|   LUT as Distributed RAM                                    |       1038 |     0 |           |       |
|     using O5 output only                                    |          0 |       |           |       |
|     using O6 output only                                    |        984 |       |           |       |
|     using O5 and O6                                         |         54 |       |           |       |
|   LUT as Shift Register                                     |         70 |     0 |           |       |
|     using O5 output only                                    |          0 |       |           |       |
|     using O6 output only                                    |         64 |       |           |       |
|     using O5 and O6                                         |          6 |       |           |       |
| LUT Flip Flop Pairs                                         |      11705 |     0 |     17600 | 66.51 |
|   fully used LUT-FF pairs                                   |       5564 |       |           |       |
|   LUT-FF pairs with unused LUT                              |       2256 |       |           |       |
|   LUT-FF pairs with unused Flip Flop                        |       3885 |       |           |       |
| Unique Control Sets                                         |       1001 |       |           |       |
| Minimum number of registers lost to control set restriction | 2037(Lost) |       |           |       |
+-------------------------------------------------------------+------------+-------+-----------+-------+


3. Memory
---------

+-------------------+------+-------+-----------+-------+
|     Site Type     | Used | Fixed | Available | Util% |
+-------------------+------+-------+-----------+-------+
| Block RAM Tile    |  4.5 |     0 |        60 |  7.50 |
|   RAMB36/FIFO*    |    0 |     0 |        60 |  0.00 |
|   RAMB18          |    9 |     0 |       120 |  7.50 |
|     RAMB18E1 only |    9 |       |           |       |
+-------------------+------+-------+-----------+-------+
* Note: Each Block RAM Tile only has one FIFO logic available and therefore can accommodate only one FIFO36E1 or one FIFO18E1. However, if a FIFO18E1 occupies a Block RAM Tile, that tile can still accommodate a RAMB18E1


4. DSP
------

+-----------+------+-------+-----------+-------+
| Site Type | Used | Fixed | Available | Util% |
+-----------+------+-------+-----------+-------+
| DSPs      |    0 |     0 |        80 |  0.00 |
+-----------+------+-------+-----------+-------+


5. IO and GT Specific
---------------------

+-----------------------------+------+-------+-----------+-------+
|          Site Type          | Used | Fixed | Available | Util% |
+-----------------------------+------+-------+-----------+-------+
| Bonded IOB                  |   98 |    98 |       100 | 98.00 |
|   IOB Master Pads           |   47 |       |           |       |
|   IOB Slave Pads            |   47 |       |           |       |
|   IOB Flip Flops            |   23 |    23 |           |       |
| Bonded IPADs                |    0 |     0 |         2 |  0.00 |
| Bonded IOPADs               |    0 |     0 |       130 |  0.00 |
| PHY_CONTROL                 |    0 |     0 |         2 |  0.00 |
| PHASER_REF                  |    0 |     0 |         2 |  0.00 |
| OUT_FIFO                    |    0 |     0 |         8 |  0.00 |
| IN_FIFO                     |    0 |     0 |         8 |  0.00 |
| IDELAYCTRL                  |    0 |     0 |         2 |  0.00 |
| IBUFGDS                     |    0 |     0 |        96 |  0.00 |
| PHASER_OUT/PHASER_OUT_PHY   |    0 |     0 |         8 |  0.00 |
| PHASER_IN/PHASER_IN_PHY     |    0 |     0 |         8 |  0.00 |
| IDELAYE2/IDELAYE2_FINEDELAY |    0 |     0 |       100 |  0.00 |
| ILOGIC                      |    4 |     4 |       100 |  4.00 |
|   IFF_Register              |    4 |     4 |           |       |
| OLOGIC                      |   27 |    27 |       100 | 27.00 |
|   OUTFF_Register            |   19 |    19 |           |       |
|   OSERDES                   |    8 |     8 |           |       |
+-----------------------------+------+-------+-----------+-------+


6. Clocking
-----------

+--------------+------+-------+-----------+-------+
|   Site Type  | Used | Fixed | Available | Util% |
+--------------+------+-------+-----------+-------+
| BUFGCTRL     |    2 |     0 |        32 |  6.25 |
| BUFIO        |    1 |     0 |         8 | 12.50 |
|   BUFIO only |    1 |     0 |           |       |
| MMCME2_ADV   |    1 |     1 |         2 | 50.00 |
| PLLE2_ADV    |    1 |     1 |         2 | 50.00 |
| BUFMRCE      |    0 |     0 |         4 |  0.00 |
| BUFHCE       |    0 |     0 |        48 |  0.00 |
| BUFR         |    1 |     0 |         8 | 12.50 |
+--------------+------+-------+-----------+-------+


7. Specific Feature
-------------------

+-------------+------+-------+-----------+-------+
|  Site Type  | Used | Fixed | Available | Util% |
+-------------+------+-------+-----------+-------+
| BSCANE2     |    0 |     0 |         4 |  0.00 |
| CAPTUREE2   |    0 |     0 |         1 |  0.00 |
| DNA_PORT    |    0 |     0 |         1 |  0.00 |
| EFUSE_USR   |    0 |     0 |         1 |  0.00 |
| FRAME_ECCE2 |    0 |     0 |         1 |  0.00 |
| ICAPE2      |    0 |     0 |         2 |  0.00 |
| STARTUPE2   |    0 |     0 |         1 |  0.00 |
| XADC        |    0 |     0 |         1 |  0.00 |
+-------------+------+-------+-----------+-------+


8. Primitives
-------------

+------------+------+----------------------+
|  Ref Name  | Used |  Functional Category |
+------------+------+----------------------+
| FDRE       | 8943 |         Flop & Latch |
| LUT6       | 4092 |                  LUT |
| LUT4       | 1341 |                  LUT |
| LUT3       | 1292 |                  LUT |
| LUT5       | 1232 |                  LUT |
| LUT2       | 1013 |                  LUT |
| RAMD64E    |  944 |   Distributed Memory |
| CARRY4     |  435 |           CarryLogic |
| LUT1       |  334 |                  LUT |
| MUXF7      |  270 |                MuxFx |
| FDSE       |  269 |         Flop & Latch |
| FDCE       |  137 |         Flop & Latch |
| BIBUF      |  130 |                   IO |
| RAMD32     |   84 |   Distributed Memory |
| RAMS32     |   64 |   Distributed Memory |
| IBUF       |   63 |                   IO |
| OBUFT      |   58 |                   IO |
| SRLC32E    |   47 |   Distributed Memory |
| SRL16E     |   29 |   Distributed Memory |
| OBUF       |   26 |                   IO |
| FDPE       |   21 |         Flop & Latch |
| RAMB18E1   |    9 |         Block Memory |
| OSERDESE2  |    8 |                   IO |
| OBUFDS     |    4 |                   IO |
| BUFG       |    2 |                Clock |
| PS7        |    1 | Specialized Resource |
| PLLE2_ADV  |    1 |                Clock |
| MUXF8      |    1 |                MuxFx |
| MMCME2_ADV |    1 |                Clock |
| BUFR       |    1 |                Clock |
| BUFIO      |    1 |                Clock |
+------------+------+----------------------+


9. Black Boxes
--------------

+----------+------+
| Ref Name | Used |
+----------+------+


10. Instantiated Netlists
-------------------------

+---------------+------+
|    Ref Name   | Used |
+---------------+------+
| fifo_32x512   |    3 |
| fifo_8x2048   |    2 |
| xillyvga_core |    1 |
| xillybus_lite |    1 |
| xillybus_core |    1 |
| vga_fifo      |    1 |
+---------------+------+


